// Jest Snapshot v1, https://goo.gl/fbAQLP

exports[`Circle component snapshot tests renders Circle in the changing state 1`] = `
<div
  className="content "
  data-cy="circle"
>
  <div
    className="text text_type_input text_color_input mb-4 absolute head element"
    data-testid="head"
  />
  <div
    className="circle   changing"
    data-testid="circle"
  >
    <p
      className="text text_type_circle text_color_input letter"
      data-testid="letter"
    />
  </div>
  <p
    className="text text_type_input text_color_input mt-4 absolute index"
    data-testid="index"
  />
  <div
    className="text text_type_input text_color_input mt-4 absolute tail30 element"
    data-testid="tail"
  />
</div>
`;

exports[`Circle component snapshot tests renders Circle in the default state 1`] = `
<div
  className="content "
  data-cy="circle"
>
  <div
    className="text text_type_input text_color_input mb-4 absolute head element"
    data-testid="head"
  />
  <div
    className="circle   default"
    data-testid="circle"
  >
    <p
      className="text text_type_circle text_color_input letter"
      data-testid="letter"
    />
  </div>
  <p
    className="text text_type_input text_color_input mt-4 absolute index"
    data-testid="index"
  />
  <div
    className="text text_type_input text_color_input mt-4 absolute tail30 element"
    data-testid="tail"
  />
</div>
`;

exports[`Circle component snapshot tests renders Circle in the modified state 1`] = `
<div
  className="content "
  data-cy="circle"
>
  <div
    className="text text_type_input text_color_input mb-4 absolute head element"
    data-testid="head"
  />
  <div
    className="circle   modified"
    data-testid="circle"
  >
    <p
      className="text text_type_circle text_color_input letter"
      data-testid="letter"
    />
  </div>
  <p
    className="text text_type_input text_color_input mt-4 absolute index"
    data-testid="index"
  />
  <div
    className="text text_type_input text_color_input mt-4 absolute tail30 element"
    data-testid="tail"
  />
</div>
`;

exports[`Circle component snapshot tests renders Circle with head 1`] = `
<div
  className="content "
  data-cy="circle"
>
  <div
    className="text text_type_input text_color_input mb-4 absolute head string"
    data-testid="head"
  >
    head
  </div>
  <div
    className="circle   default"
    data-testid="circle"
  >
    <p
      className="text text_type_circle text_color_input letter"
      data-testid="letter"
    />
  </div>
  <p
    className="text text_type_input text_color_input mt-4 absolute index"
    data-testid="index"
  />
  <div
    className="text text_type_input text_color_input mt-4 absolute tail30 element"
    data-testid="tail"
  />
</div>
`;

exports[`Circle component snapshot tests renders Circle with index 1`] = `
<div
  className="content "
  data-cy="circle"
>
  <div
    className="text text_type_input text_color_input mb-4 absolute head element"
    data-testid="head"
  />
  <div
    className="circle   default"
    data-testid="circle"
  >
    <p
      className="text text_type_circle text_color_input letter"
      data-testid="letter"
    />
  </div>
  <p
    className="text text_type_input text_color_input mt-4 absolute index"
    data-testid="index"
  >
    0
  </p>
  <div
    className="text text_type_input text_color_input mt-4 absolute tail60 element"
    data-testid="tail"
  />
</div>
`;

exports[`Circle component snapshot tests renders Circle with props isSmall ===  true 1`] = `
<div
  className="content "
  data-cy="circle"
>
  <div
    className="text text_type_input text_color_input mb-4 absolute head element"
    data-testid="head"
  />
  <div
    className="circle  small default"
    data-testid="small"
  >
    <p
      className="text text_type_circle text_color_input letter"
      data-testid="letter"
    />
  </div>
  <p
    className="text text_type_input text_color_input mt-4 absolute index"
    data-testid="index"
  />
  <div
    className="text text_type_input text_color_input mt-4 absolute tail30 element"
    data-testid="tail"
  />
</div>
`;

exports[`Circle component snapshot tests renders Circle with tail 1`] = `
<div
  className="content "
  data-cy="circle"
>
  <div
    className="text text_type_input text_color_input mb-4 absolute head element"
    data-testid="head"
  />
  <div
    className="circle   default"
    data-testid="circle"
  >
    <p
      className="text text_type_circle text_color_input letter"
      data-testid="letter"
    />
  </div>
  <p
    className="text text_type_input text_color_input mt-4 absolute index"
    data-testid="index"
  />
  <div
    className="text text_type_input text_color_input mt-4 absolute tail30 string"
    data-testid="tail"
  >
    tail
  </div>
</div>
`;

exports[`Circle component snapshot tests renders Circle with Ð° letter 1`] = `
<div
  className="content "
  data-cy="circle"
>
  <div
    className="text text_type_input text_color_input mb-4 absolute head element"
    data-testid="head"
  />
  <div
    className="circle   default"
    data-testid="circle"
  >
    <p
      className="text text_type_circle text_color_input letter"
      data-testid="letter"
    >
      A
    </p>
  </div>
  <p
    className="text text_type_input text_color_input mt-4 absolute index"
    data-testid="index"
  />
  <div
    className="text text_type_input text_color_input mt-4 absolute tail30 element"
    data-testid="tail"
  />
</div>
`;

exports[`Circle component snapshot tests renders Circle without a letter 1`] = `
<div
  className="content "
  data-cy="circle"
>
  <div
    className="text text_type_input text_color_input mb-4 absolute head element"
    data-testid="head"
  />
  <div
    className="circle   default"
    data-testid="circle"
  >
    <p
      className="text text_type_circle text_color_input letter"
      data-testid="letter"
    />
  </div>
  <p
    className="text text_type_input text_color_input mt-4 absolute index"
    data-testid="index"
  />
  <div
    className="text text_type_input text_color_input mt-4 absolute tail30 element"
    data-testid="tail"
  />
</div>
`;

exports[`Circle component snapshot tests renders with react-element in head 1`] = `
<div
  className="content "
  data-cy="circle"
>
  <div
    className="text text_type_input text_color_input mb-4 absolute head element"
    data-testid="head"
  >
    <div
      className="content "
      data-cy="circle"
    >
      <div
        className="text text_type_input text_color_input mb-4 absolute head element"
        data-testid="head"
      />
      <div
        className="circle   default"
        data-testid="circle"
      >
        <p
          className="text text_type_circle text_color_input letter"
          data-testid="letter"
        />
      </div>
      <p
        className="text text_type_input text_color_input mt-4 absolute index"
        data-testid="index"
      />
      <div
        className="text text_type_input text_color_input mt-4 absolute tail30 element"
        data-testid="tail"
      />
    </div>
  </div>
  <div
    className="circle   default"
    data-testid="circle"
  >
    <p
      className="text text_type_circle text_color_input letter"
      data-testid="letter"
    />
  </div>
  <p
    className="text text_type_input text_color_input mt-4 absolute index"
    data-testid="index"
  />
  <div
    className="text text_type_input text_color_input mt-4 absolute tail30 element"
    data-testid="tail"
  />
</div>
`;

exports[`Circle component snapshot tests renders with react-element in tail 1`] = `
<div
  className="content "
  data-cy="circle"
>
  <div
    className="text text_type_input text_color_input mb-4 absolute head element"
    data-testid="head"
  />
  <div
    className="circle   default"
    data-testid="circle"
  >
    <p
      className="text text_type_circle text_color_input letter"
      data-testid="letter"
    />
  </div>
  <p
    className="text text_type_input text_color_input mt-4 absolute index"
    data-testid="index"
  />
  <div
    className="text text_type_input text_color_input mt-4 absolute tail30 element"
    data-testid="tail"
  >
    <div
      className="content "
      data-cy="circle"
    >
      <div
        className="text text_type_input text_color_input mb-4 absolute head element"
        data-testid="head"
      />
      <div
        className="circle   default"
        data-testid="circle"
      >
        <p
          className="text text_type_circle text_color_input letter"
          data-testid="letter"
        />
      </div>
      <p
        className="text text_type_input text_color_input mt-4 absolute index"
        data-testid="index"
      />
      <div
        className="text text_type_input text_color_input mt-4 absolute tail30 element"
        data-testid="tail"
      />
    </div>
  </div>
</div>
`;
